[debug] [2025-12-04T09:08:52.218Z] ----------------------------------------------------------------------
[debug] [2025-12-04T09:08:52.219Z] Command:       C:\Program Files\nodejs\node.exe C:\Users\btayl\AppData\Roaming\npm\node_modules\firebase-tools\lib\bin\firebase.js init
[debug] [2025-12-04T09:08:52.220Z] CLI Version:   14.27.0
[debug] [2025-12-04T09:08:52.220Z] Platform:      win32
[debug] [2025-12-04T09:08:52.220Z] Node Version:  v24.4.1
[debug] [2025-12-04T09:08:52.220Z] Time:          Thu Dec 04 2025 01:08:52 GMT-0800 (Pacific Standard Time)
[debug] [2025-12-04T09:08:52.220Z] ----------------------------------------------------------------------
[debug] 
[info] 
     ######## #### ########  ######## ########     ###     ######  ########
     ##        ##  ##     ## ##       ##     ##  ##   ##  ##       ##
     ######    ##  ########  ######   ########  #########  ######  ######
     ##        ##  ##    ##  ##       ##     ## ##     ##       ## ##
     ##       #### ##     ## ######## ########  ##     ##  ######  ########

You're about to initialize a Firebase project in this directory:

  G:\GemBot

[debug] [2025-12-04T09:10:11.769Z] ExitPromptError: User force closed the prompt with SIGINT
    at Interface.sigint (C:\Users\btayl\AppData\Roaming\npm\node_modules\firebase-tools\node_modules\@inquirer\core\dist\commonjs\lib\create-prompt.js:101:37)
    at Interface.emit (node:events:507:28)
    at Interface.emit (node:domain:489:12)
    at [_ttyWrite] [as _ttyWrite] (node:internal/readline/interface:1315:18)
    at ReadStream.onkeypress (node:internal/readline/interface:284:20)
    at ReadStream.emit (node:events:519:35)
    at ReadStream.emit (node:domain:489:12)
    at emitKeys (node:internal/readline/utils:371:14)
    at emitKeys.next (<anonymous>)
    at ReadStream.onData (node:internal/readline/emitKeypressEvents:64:36)
[error] 
[error] Error: An unexpected error has occurred.
